# Remove the iosched executable and backup files
rm -f iosched *~
# Use g++ to compile with debugging info
g++ -g iosched.cpp -o iosched
